// Jest Snapshot v1, https://goo.gl/fbAQLP

exports[`QuickMenuItems unit tests renders as expected 1`] = `
<div
  className="MuiGrid-root MuiGrid-container sc-hLseeU exfbdM css-11lq3yg-MuiGrid-root"
>
  <div
    className="MuiGrid-root MuiGrid-item MuiGrid-grid-xs-2 sc-dmqHEX hfdwKv css-1o7apob-MuiGrid-root"
    onClick={[Function]}
  >
    <div
      className="MuiGrid-root MuiGrid-container css-11lq3yg-MuiGrid-root"
    >
      <div
        className="MuiGrid-root MuiGrid-item MuiGrid-grid-xs-12 css-1idn90j-MuiGrid-root"
      >
        <div
          className="MuiGrid-root MuiGrid-container css-1lym95h-MuiGrid-root"
        >
          <img
            className="sc-beqWaB ETGuZ"
            src="coffee.png"
          />
        </div>
      </div>
      <div
        className="MuiGrid-root MuiGrid-item MuiGrid-grid-xs-12 css-1idn90j-MuiGrid-root"
      >
        <div
          className="MuiGrid-root MuiGrid-container css-1lym95h-MuiGrid-root"
        >
          <h6
            className="MuiTypography-root MuiTypography-subtitle1 css-10wpov9-MuiTypography-root"
          >
            Coffee
          </h6>
        </div>
      </div>
    </div>
  </div>
</div>
`;
