// Jest Snapshot v1, https://goo.gl/fbAQLP

exports[`MyBag unit tests renders as expected 1`] = `
<div
  className="MuiGrid-root MuiGrid-container css-11lq3yg-MuiGrid-root"
  onClick={[Function]}
>
  <div
    className="MuiGrid-root MuiGrid-item MuiGrid-grid-xs-12 sc-iAEyYk bDdAOG css-1idn90j-MuiGrid-root"
  >
    <span
      className="MuiBadge-root sc-dmqHEX djqssH css-1c32n2y-MuiBadge-root"
    >
      <span
        className="MuiBadge-badge MuiBadge-standard MuiBadge-invisible MuiBadge-anchorOriginTopRight MuiBadge-anchorOriginTopRightRectangular MuiBadge-overlapRectangular MuiBadge-colorSecondary css-fu0map-MuiBadge-badge"
      />
    </span>
    <svg
      aria-hidden={true}
      className="MuiSvgIcon-root MuiSvgIcon-fontSizeMedium sc-gueYoa eACLnc css-t1n1uy-MuiSvgIcon-root"
      data-testid="ShoppingBagIcon"
      focusable="false"
      viewBox="0 0 24 24"
    >
      <path
        d="M18 6h-2c0-2.21-1.79-4-4-4S8 3.79 8 6H6c-1.1 0-2 .9-2 2v12c0 1.1.9 2 2 2h12c1.1 0 2-.9 2-2V8c0-1.1-.9-2-2-2zm-8 4c0 .55-.45 1-1 1s-1-.45-1-1V8h2v2zm2-6c1.1 0 2 .9 2 2h-4c0-1.1.9-2 2-2zm4 6c0 .55-.45 1-1 1s-1-.45-1-1V8h2v2z"
      />
    </svg>
    ;
  </div>
</div>
`;
