// Jest Snapshot v1, https://goo.gl/fbAQLP

exports[`MyBagItemCreamCheeseText unit tests renders as expected 1`] = `null`;
