// Jest Snapshot v1, https://goo.gl/fbAQLP

exports[`MyBagItemDairyText unit tests renders as expected 1`] = `null`;
