// Jest Snapshot v1, https://goo.gl/fbAQLP

exports[`MyBagItemIceText unit tests renders as expected 1`] = `null`;
